#-----------------------------------------------------------
# Vivado v2023.2 (64-bit)
# SW Build 4029153 on Fri Oct 13 20:14:34 MDT 2023
# IP Build 4028589 on Sat Oct 14 00:45:43 MDT 2023
# SharedData Build 4025554 on Tue Oct 10 17:18:54 MDT 2023
# Start of session at: Tue Mar 19 00:29:44 2024
# Process ID: 28348
# Current directory: C:/Users/D4nny/Documents/tmp/MulticycleRISCV_CalPolyCPE233/test_all_vivado/test_all_vivado.runs/impl_1
# Command line: vivado.exe -log OTTER_Wrapper.vdi -applog -product Vivado -messageDb vivado.pb -mode batch -source OTTER_Wrapper.tcl -notrace
# Log file: C:/Users/D4nny/Documents/tmp/MulticycleRISCV_CalPolyCPE233/test_all_vivado/test_all_vivado.runs/impl_1/OTTER_Wrapper.vdi
# Journal file: C:/Users/D4nny/Documents/tmp/MulticycleRISCV_CalPolyCPE233/test_all_vivado/test_all_vivado.runs/impl_1\vivado.jou
# Running On: RaijinPC, OS: Windows, CPU Frequency: 4200 MHz, CPU Physical cores: 32, Host memory: 33457 MB
#-----------------------------------------------------------
source OTTER_Wrapper.tcl -notrace
